// Jest Snapshot v1, https://goo.gl/fbAQLP

exports[`schema2TsTypeLiteral integer enum 1`] = `"1 | 2 | 3"`;

exports[`schema2TsTypeLiteral oneOf 1`] = `"{ a?: string } | { b?: string }"`;

exports[`schema2TsTypeLiteral oneOf deep 1`] = `"{ a?: string } | { b?: string,c?: { cs1: string } | { cs2: string } }"`;

exports[`schema2TsTypeLiteral string enum 1`] = `"\\"a\\" | \\"b\\" | \\"c\\""`;
